This is pdfTeX, Version 3.141592653-2.6-1.40.28 (MiKTeX 25.12) (preloaded format=pdflatex 2026.5.10)  3 JUL 2026 16:23
entering extended mode
 restricted \write18 enabled.
 %&-line parsing enabled.
**C:/Users/nir_s/peaktogether-website/quake/levels/principia_bk1_inverse_square
/pack/_bake/prop_4.f1.on.2.tex

(C:/Users/nir_s/peaktogether-website/quake/levels/principia_bk1_inverse_square/
pack/_bake/prop_4.f1.on.2.tex
LaTeX2e <2025-11-01>
L3 programming layer <2025-12-24>

(C:\Users\nir_s\AppData\Local\Programs\MiKTeX\tex/latex/standalone\standalone.c
ls
Document Class: standalone 2025/02/22 v1.5a Class to compile TeX sub-files stan
dalone
(C:\Users\nir_s\AppData\Local\Programs\MiKTeX\tex/latex/tools\shellesc.sty
Package: shellesc 2023/07/08 v1.0d unified shell escape interface for LaTeX
Package shellesc Info: Restricted shell escape enabled on input line 77.
)
(C:\Users\nir_s\AppData\Local\Programs\MiKTeX\tex/generic/iftex\ifluatex.sty
Package: ifluatex 2019/10/25 v1.5 ifluatex legacy package. Use iftex instead.

(C:\Users\nir_s\AppData\Local\Programs\MiKTeX\tex/generic/iftex\iftex.sty
Package: iftex 2024/12/12 v1.0g TeX engine tests
))
(C:\Users\nir_s\AppData\Local\Programs\MiKTeX\tex/latex/xkeyval\xkeyval.sty
Package: xkeyval 2022/06/16 v2.9 package option processing (HA)

(C:\Users\nir_s\AppData\Local\Programs\MiKTeX\tex/generic/xkeyval\xkeyval.tex
(C:\Users\nir_s\AppData\Local\Programs\MiKTeX\tex/generic/xkeyval\xkvutils.tex
\XKV@toks=\toks17
\XKV@tempa@toks=\toks18

(C:\Users\nir_s\AppData\Local\Programs\MiKTeX\tex/generic/xkeyval\keyval.tex))
\XKV@depth=\count275
File: xkeyval.tex 2014/12/03 v2.7a key=value parser (HA)
))
\sa@internal=\count276
\c@sapage=\count277

(C:\Users\nir_s\AppData\Local\Programs\MiKTeX\tex/latex/standalone\standalone.c
fg
File: standalone.cfg 2025/02/22 v1.5a Default configuration file for 'standalon
e' class
) (C:\Users\nir_s\AppData\Local\Programs\MiKTeX\tex/latex/base\article.cls
Document Class: article 2025/01/22 v1.4n Standard LaTeX document class
(C:\Users\nir_s\AppData\Local\Programs\MiKTeX\tex/latex/base\size10.clo
File: size10.clo 2025/01/22 v1.4n Standard LaTeX file (size option)
)
\c@part=\count278
\c@section=\count279
\c@subsection=\count280
\c@subsubsection=\count281
\c@paragraph=\count282
\c@subparagraph=\count283
\c@figure=\count284
\c@table=\count285
\abovecaptionskip=\skip49
\belowcaptionskip=\skip50
\bibindent=\dimen148
)
\sa@box=\box53
)
(C:\Users\nir_s\AppData\Local\Programs\MiKTeX\tex/latex/amsmath\amsmath.sty
Package: amsmath 2025/07/09 v2.17z AMS math features
\@mathmargin=\skip51

For additional information on amsmath, use the `?' option.
(C:\Users\nir_s\AppData\Local\Programs\MiKTeX\tex/latex/amsmath\amstext.sty
Package: amstext 2024/11/17 v2.01 AMS text

(C:\Users\nir_s\AppData\Local\Programs\MiKTeX\tex/latex/amsmath\amsgen.sty
File: amsgen.sty 1999/11/30 v2.0 generic functions
\@emptytoks=\toks19
\ex@=\dimen149
))
(C:\Users\nir_s\AppData\Local\Programs\MiKTeX\tex/latex/amsmath\amsbsy.sty
Package: amsbsy 1999/11/29 v1.2d Bold Symbols
\pmbraise@=\dimen150
)
(C:\Users\nir_s\AppData\Local\Programs\MiKTeX\tex/latex/amsmath\amsopn.sty
Package: amsopn 2022/04/08 v2.04 operator names
)
\inf@bad=\count286
LaTeX Info: Redefining \frac on input line 233.
\uproot@=\count287
\leftroot@=\count288
LaTeX Info: Redefining \overline on input line 398.
LaTeX Info: Redefining \colon on input line 409.
\classnum@=\count289
\DOTSCASE@=\count290
LaTeX Info: Redefining \ldots on input line 495.
LaTeX Info: Redefining \dots on input line 498.
LaTeX Info: Redefining \cdots on input line 619.
\Mathstrutbox@=\box54
\strutbox@=\box55
LaTeX Info: Redefining \big on input line 721.
LaTeX Info: Redefining \Big on input line 722.
LaTeX Info: Redefining \bigg on input line 723.
LaTeX Info: Redefining \Bigg on input line 724.
\big@size=\dimen151
LaTeX Font Info:    Redeclaring font encoding OML on input line 742.
LaTeX Font Info:    Redeclaring font encoding OMS on input line 743.
\macc@depth=\count291
LaTeX Info: Redefining \bmod on input line 904.
LaTeX Info: Redefining \pmod on input line 909.
LaTeX Info: Redefining \smash on input line 939.
LaTeX Info: Redefining \relbar on input line 969.
LaTeX Info: Redefining \Relbar on input line 970.
\c@MaxMatrixCols=\count292
\dotsspace@=\muskip17
\c@parentequation=\count293
\dspbrk@lvl=\count294
\tag@help=\toks20
\row@=\count295
\column@=\count296
\maxfields@=\count297
\andhelp@=\toks21
\eqnshift@=\dimen152
\alignsep@=\dimen153
\tagshift@=\dimen154
\tagwidth@=\dimen155
\totwidth@=\dimen156
\lineht@=\dimen157
\@envbody=\toks22
\multlinegap=\skip52
\multlinetaggap=\skip53
\mathdisplay@stack=\toks23
LaTeX Info: Redefining \[ on input line 2950.
LaTeX Info: Redefining \] on input line 2951.
)
(C:\Users\nir_s\AppData\Local\Programs\MiKTeX\tex/latex/amsfonts\amssymb.sty
Package: amssymb 2013/01/14 v3.01 AMS font symbols

(C:\Users\nir_s\AppData\Local\Programs\MiKTeX\tex/latex/amsfonts\amsfonts.sty
Package: amsfonts 2013/01/14 v3.01 Basic AMSFonts support
\symAMSa=\mathgroup4
\symAMSb=\mathgroup5
LaTeX Font Info:    Redeclaring math symbol \hbar on input line 98.
LaTeX Font Info:    Overwriting math alphabet `\mathfrak' in version `bold'
(Font)                  U/euf/m/n --> U/euf/b/n on input line 106.
))
(C:\Users\nir_s\AppData\Local\Programs\MiKTeX\tex/latex/mathtools\mathtools.sty
Package: mathtools 2024/10/04 v1.31 mathematical typesetting tools
(C:\Users\nir_s\AppData\Local\Programs\MiKTeX\tex/latex/tools\calc.sty
Package: calc 2025/03/01 v4.3b Infix arithmetic (KKT,FJ)
\calc@Acount=\count298
\calc@Bcount=\count299
\calc@Adimen=\dimen158
\calc@Bdimen=\dimen159
\calc@Askip=\skip54
\calc@Bskip=\skip55
LaTeX Info: Redefining \setlength on input line 86.
LaTeX Info: Redefining \addtolength on input line 87.
\calc@Ccount=\count300
\calc@Cskip=\skip56
)
(C:\Users\nir_s\AppData\Local\Programs\MiKTeX\tex/latex/mathtools\mhsetup.sty
Package: mhsetup 2021/03/18 v1.4 programming setup (MH)
)
\g_MT_multlinerow_int=\count301
\l_MT_multwidth_dim=\dimen160
\origjot=\skip57
\l_MT_shortvdotswithinadjustabove_dim=\dimen161
\l_MT_shortvdotswithinadjustbelow_dim=\dimen162
\l_MT_above_intertext_sep=\dimen163
\l_MT_below_intertext_sep=\dimen164
\l_MT_above_shortintertext_sep=\dimen165
\l_MT_below_shortintertext_sep=\dimen166
\xmathstrut@box=\box56
\xmathstrut@dim=\dimen167
) (C:\Users\nir_s\AppData\Local\Programs\MiKTeX\tex/latex/xcolor\xcolor.sty
Package: xcolor 2024/09/29 v3.02 LaTeX color extensions (UK)

(C:\Users\nir_s\AppData\Local\Programs\MiKTeX\tex/latex/graphics-cfg\color.cfg
File: color.cfg 2016/01/02 v1.6 sample color configuration
)
Package xcolor Info: Driver file: pdftex.def on input line 274.

(C:\Users\nir_s\AppData\Local\Programs\MiKTeX\tex/latex/graphics-def\pdftex.def
File: pdftex.def 2025/09/29 v1.2d Graphics/color driver for pdftex
)
(C:\Users\nir_s\AppData\Local\Programs\MiKTeX\tex/latex/graphics\mathcolor.ltx)
Package xcolor Info: Model `cmy' substituted by `cmy0' on input line 1349.
Package xcolor Info: Model `hsb' substituted by `rgb' on input line 1353.
Package xcolor Info: Model `RGB' extended on input line 1365.
Package xcolor Info: Model `HTML' substituted by `rgb' on input line 1367.
Package xcolor Info: Model `Hsb' substituted by `hsb' on input line 1368.
Package xcolor Info: Model `tHsb' substituted by `hsb' on input line 1369.
Package xcolor Info: Model `HSB' substituted by `hsb' on input line 1370.
Package xcolor Info: Model `Gray' substituted by `gray' on input line 1371.
Package xcolor Info: Model `wave' substituted by `hsb' on input line 1372.
) (C:\Users\nir_s\AppData\Local\Programs\MiKTeX\tex/latex/varwidth\varwidth.sty
Package: varwidth 2009/03/30 ver 0.92;  Variable-width minipages
\@vwid@box=\box57
\sift@deathcycles=\count302
\@vwid@loff=\dimen168
\@vwid@roff=\dimen169
)
==> First Aid for varwidth.sty applied!
(C:\Users\nir_s\AppData\Local\Programs\MiKTeX\tex/latex/base\inputenc.sty
Package: inputenc 2024/02/08 v1.3d Input encoding file
\inpenc@prehook=\toks24
\inpenc@posthook=\toks25
)
(C:\Users\nir_s\AppData\Local\Programs\MiKTeX\tex/latex/l3backend\l3backend-pdf
tex.def
File: l3backend-pdftex.def 2025-10-09 L3 backend support: PDF output (pdfTeX)
\l__color_backend_stack_int=\count303
)
No file prop_4.f1.on.2.aux.
\openout1 = `prop_4.f1.on.2.aux'.

LaTeX Font Info:    Checking defaults for OML/cmm/m/it on input line 8.
LaTeX Font Info:    ... okay on input line 8.
LaTeX Font Info:    Checking defaults for OMS/cmsy/m/n on input line 8.
LaTeX Font Info:    ... okay on input line 8.
LaTeX Font Info:    Checking defaults for OT1/cmr/m/n on input line 8.
LaTeX Font Info:    ... okay on input line 8.
LaTeX Font Info:    Checking defaults for T1/cmr/m/n on input line 8.
LaTeX Font Info:    ... okay on input line 8.
LaTeX Font Info:    Checking defaults for TS1/cmr/m/n on input line 8.
LaTeX Font Info:    ... okay on input line 8.
LaTeX Font Info:    Checking defaults for OMX/cmex/m/n on input line 8.
LaTeX Font Info:    ... okay on input line 8.
LaTeX Font Info:    Checking defaults for U/cmr/m/n on input line 8.
LaTeX Font Info:    ... okay on input line 8.
(C:\Users\nir_s\AppData\Local\Programs\MiKTeX\tex/latex/graphics\graphicx.sty
Package: graphicx 2024/12/31 v1.2e Enhanced LaTeX Graphics (DPC,SPQR)

(C:\Users\nir_s\AppData\Local\Programs\MiKTeX\tex/latex/graphics\graphics.sty
Package: graphics 2024/08/06 v1.4g Standard LaTeX Graphics (DPC,SPQR)

(C:\Users\nir_s\AppData\Local\Programs\MiKTeX\tex/latex/graphics\trig.sty
Package: trig 2023/12/02 v1.11 sin cos tan (DPC)
)
(C:\Users\nir_s\AppData\Local\Programs\MiKTeX\tex/latex/graphics-cfg\graphics.c
fg
File: graphics.cfg 2016/06/04 v1.11 sample graphics configuration
)
Package graphics Info: Driver file: pdftex.def on input line 106.
)
\Gin@req@height=\dimen170
\Gin@req@width=\dimen171
)
(C:\Users\nir_s\AppData\Local\Programs\MiKTeX\tex/context/base/mkii\supp-pdf.mk
ii
[Loading MPS to PDF converter (version 2006.09.02).]
\scratchcounter=\count304
\scratchdimen=\dimen172
\scratchbox=\box58
\nofMPsegments=\count305
\nofMParguments=\count306
\everyMPshowfont=\toks26
\MPscratchCnt=\count307
\MPscratchDim=\dimen173
\MPnumerator=\count308
\makeMPintoPDFobject=\count309
\everyMPtoPDFconversion=\toks27
)
(C:\Users\nir_s\AppData\Local\Programs\MiKTeX\tex/latex/epstopdf-pkg\epstopdf-b
ase.sty
Package: epstopdf-base 2020-01-24 v2.11 Base part for package epstopdf
Package epstopdf-base Info: Redefining graphics rule for `.eps' on input line 4
85.

(C:\Users\nir_s\AppData\Local\Programs\MiKTeX\tex/latex/00miktex\epstopdf-sys.c
fg
File: epstopdf-sys.cfg 2021/03/18 v2.0 Configuration of epstopdf for MiKTeX
))
LaTeX Font Info:    Trying to load font information for U+msa on input line 11.

 (C:\Users\nir_s\AppData\Local\Programs\MiKTeX\tex/latex/amsfonts\umsa.fd
File: umsa.fd 2013/01/14 v3.01 AMS symbols A
)
LaTeX Font Info:    Trying to load font information for U+msb on input line 11.


(C:\Users\nir_s\AppData\Local\Programs\MiKTeX\tex/latex/amsfonts\umsb.fd
File: umsb.fd 2013/01/14 v3.01 AMS symbols B
)
! Missing } inserted.
<inserted text> 
                }
l.11 \[ \textcolor{force}{$F$}
                               \;\propto\; \dfrac{\textcolor{chord}{$v^2$}}{...
I've inserted something that you may have forgotten.
(See the <inserted text> above.)
With luck, this will get me unwedged. But if you
really didn't forget anything, try typing `2' now; then
my insertion and my current dilemma will both disappear.

! Display math should end with $$.
<to be read again> 
                   F
l.11 \[ \textcolor{force}{$F$}
                               \;\propto\; \dfrac{\textcolor{chord}{$v^2$}}{...
The `$' that I just saw supposedly matches a previous `$$'.
So I shall assume that you typed `$$' both times.

! Extra }, or forgotten $.
<recently read> }
                 
l.11 \[ \textcolor{force}{$F$}
                               \;\propto\; \dfrac{\textcolor{chord}{$v^2$}}{...
I've deleted a group-closing symbol because it seems to be
spurious, as in `$x}$'. But perhaps the } is legitimate and
you forgot something else, as in `\hbox{$x}'. In such cases
the way to recover is to insert both the forgotten and the
deleted material, e.g., by typing `I$}'.

! Missing } inserted.
<inserted text> 
                }
l.11 ...or{chord}{$v^2$}}{\textcolor{radius}{$r$}}
                                                   \]
I've inserted something that you may have forgotten.
(See the <inserted text> above.)
With luck, this will get me unwedged. But if you
really didn't forget anything, try typing `2' now; then
my insertion and my current dilemma will both disappear.

! Missing \endgroup inserted.
<inserted text> 
                \endgroup 
l.11 ...or{chord}{$v^2$}}{\textcolor{radius}{$r$}}
                                                   \]
I've inserted something that you may have forgotten.
(See the <inserted text> above.)
With luck, this will get me unwedged. But if you
really didn't forget anything, try typing `2' now; then
my insertion and my current dilemma will both disappear.

! Missing } inserted.
<inserted text> 
                }
l.11 ...or{chord}{$v^2$}}{\textcolor{radius}{$r$}}
                                                   \]
I've inserted something that you may have forgotten.
(See the <inserted text> above.)
With luck, this will get me unwedged. But if you
really didn't forget anything, try typing `2' now; then
my insertion and my current dilemma will both disappear.

! Missing } inserted.
<inserted text> 
                }
l.11 ...or{chord}{$v^2$}}{\textcolor{radius}{$r$}}
                                                   \]
I've inserted something that you may have forgotten.
(See the <inserted text> above.)
With luck, this will get me unwedged. But if you
really didn't forget anything, try typing `2' now; then
my insertion and my current dilemma will both disappear.

! Missing $ inserted.
<inserted text> 
                $
l.11 ...or{chord}{$v^2$}}{\textcolor{radius}{$r$}}
                                                   \]
I've inserted a begin-math/end-math symbol since I think
you left one out. Proceed, with fingers crossed.

! Extra }, or forgotten \endgroup.
\@textcolor ...otect \leavevmode {\color #1{#2}#3}
                                                  
l.11 ...or{chord}{$v^2$}}{\textcolor{radius}{$r$}}
                                                   \]
I've deleted a group-closing symbol because it seems to be
spurious, as in `$x}$'. But perhaps the } is legitimate and
you forgot something else, as in `\hbox{$x}'. In such cases
the way to recover is to insert both the forgotten and the
deleted material, e.g., by typing `I$}'.

! Missing $ inserted.
<inserted text> 
                $
l.11 ...or{chord}{$v^2$}}{\textcolor{radius}{$r$}}
                                                   \]
I've inserted a begin-math/end-math symbol since I think
you left one out. Proceed, with fingers crossed.

! Missing } inserted.
<inserted text> 
                }
l.11 ...or{chord}{$v^2$}}{\textcolor{radius}{$r$}}
                                                   \]
I've inserted something that you may have forgotten.
(See the <inserted text> above.)
With luck, this will get me unwedged. But if you
really didn't forget anything, try typing `2' now; then
my insertion and my current dilemma will both disappear.

! Extra }, or forgotten $.
<recently read> }
                 
l.11 ...or{chord}{$v^2$}}{\textcolor{radius}{$r$}}
                                                   \]
I've deleted a group-closing symbol because it seems to be
spurious, as in `$x}$'. But perhaps the } is legitimate and
you forgot something else, as in `\hbox{$x}'. In such cases
the way to recover is to insert both the forgotten and the
deleted material, e.g., by typing `I$}'.

! Extra }, or forgotten $.
\@genfrac ...begingroup #4\endgroup #2#3\relax #5}
                                                  }
l.11 ...or{chord}{$v^2$}}{\textcolor{radius}{$r$}}
                                                   \]
I've deleted a group-closing symbol because it seems to be
spurious, as in `$x}$'. But perhaps the } is legitimate and
you forgot something else, as in `\hbox{$x}'. In such cases
the way to recover is to insert both the forgotten and the
deleted material, e.g., by typing `I$}'.

! Extra }, or forgotten $.
\@genfrac ...egingroup #4\endgroup #2#3\relax #5}}
                                                  
l.11 ...or{chord}{$v^2$}}{\textcolor{radius}{$r$}}
                                                   \]
I've deleted a group-closing symbol because it seems to be
spurious, as in `$x}$'. But perhaps the } is legitimate and
you forgot something else, as in `\hbox{$x}'. In such cases
the way to recover is to insert both the forgotten and the
deleted material, e.g., by typing `I$}'.


! LaTeX Error: \begin{varwidth} on input line 9 ended by \end{equation*}.

See the LaTeX manual or LaTeX Companion for explanation.
Type  H <return>  for immediate help.
 ...                                              
                                                  
l.11 ...chord}{$v^2$}}{\textcolor{radius}{$r$}} \]
                                                  
Your command was ignored.
Type  I <command> <return>  to replace it with another command,
or  <return>  to continue without it.

! Missing $ inserted.
<inserted text> 
                $
l.11 ...chord}{$v^2$}}{\textcolor{radius}{$r$}} \]
                                                  
I've inserted something that you may have forgotten.
(See the <inserted text> above.)
With luck, this will get me unwedged. But if you
really didn't forget anything, try typing `2' now; then
my insertion and my current dilemma will both disappear.

! Missing } inserted.
<inserted text> 
                }
l.12 \end{varwidth}
                   
I've inserted something that you may have forgotten.
(See the <inserted text> above.)
With luck, this will get me unwedged. But if you
really didn't forget anything, try typing `2' now; then
my insertion and my current dilemma will both disappear.


Package varwidth Warning: Failed to reprocess entire contents on input line 12.


! Missing \endgroup inserted.
<inserted text> 
                \endgroup 
l.12 \end{varwidth}
                   
I've inserted something that you may have forgotten.
(See the <inserted text> above.)
With luck, this will get me unwedged. But if you
really didn't forget anything, try typing `2' now; then
my insertion and my current dilemma will both disappear.

! Missing \endgroup inserted.
<inserted text> 
                \endgroup 
l.12 \end{varwidth}
                   
I've inserted something that you may have forgotten.
(See the <inserted text> above.)
With luck, this will get me unwedged. But if you
really didn't forget anything, try typing `2' now; then
my insertion and my current dilemma will both disappear.

! Missing } inserted.
<inserted text> 
                }
l.12 \end{varwidth}
                   
I've inserted something that you may have forgotten.
(See the <inserted text> above.)
With luck, this will get me unwedged. But if you
really didn't forget anything, try typing `2' now; then
my insertion and my current dilemma will both disappear.

! You can't use `\unkern' in vertical mode.
\@vwid@sift ...skip \fi \dimen@ \lastkern \unkern 
                                                  \count@ \lastpenalty \unpe...
l.12 \end{varwidth}
                   
Sorry...I usually can't take things from the current page.
Try `I\kern-\lastkern' instead.

! You can't use `\unpenalty' in vertical mode.
\@vwid@sift ...rn \count@ \lastpenalty \unpenalty 
                                                  \setbox \z@ \lastbox \ifvo...
l.12 \end{varwidth}
                   
Sorry...I usually can't take things from the current page.
Perhaps you can make the output routine do it.

! You can't use `\lastbox' in vertical mode.
<recently read> \lastbox 
                         
l.12 \end{varwidth}
                   
Sorry...I usually can't take things from the current page.
This \lastbox will therefore be void.

! You can't use `\unkern' in vertical mode.
\@vwid@sift ...skip \fi \dimen@ \lastkern \unkern 
                                                  \count@ \lastpenalty \unpe...
l.12 \end{varwidth}
                   
Sorry...I usually can't take things from the current page.
Try `I\kern-\lastkern' instead.

! You can't use `\unpenalty' in vertical mode.
\@vwid@sift ...rn \count@ \lastpenalty \unpenalty 
                                                  \setbox \z@ \lastbox \ifvo...
l.12 \end{varwidth}
                   
Sorry...I usually can't take things from the current page.
Perhaps you can make the output routine do it.

! You can't use `\lastbox' in vertical mode.
<recently read> \lastbox 
                         
l.12 \end{varwidth}
                   
Sorry...I usually can't take things from the current page.
This \lastbox will therefore be void.

! You can't use `\unkern' in vertical mode.
\@vwid@sift ...skip \fi \dimen@ \lastkern \unkern 
                                                  \count@ \lastpenalty \unpe...
l.12 \end{varwidth}
                   
Sorry...I usually can't take things from the current page.
Try `I\kern-\lastkern' instead.

! You can't use `\unpenalty' in vertical mode.
\@vwid@sift ...rn \count@ \lastpenalty \unpenalty 
                                                  \setbox \z@ \lastbox \ifvo...
l.12 \end{varwidth}
                   
Sorry...I usually can't take things from the current page.
Perhaps you can make the output routine do it.

! You can't use `\lastbox' in vertical mode.
<recently read> \lastbox 
                         
l.12 \end{varwidth}
                   
Sorry...I usually can't take things from the current page.
This \lastbox will therefore be void.

! You can't use `\unkern' in vertical mode.
\@vwid@sift ...skip \fi \dimen@ \lastkern \unkern 
                                                  \count@ \lastpenalty \unpe...
l.12 \end{varwidth}
                   
Sorry...I usually can't take things from the current page.
Try `I\kern-\lastkern' instead.

! You can't use `\unpenalty' in vertical mode.
\@vwid@sift ...rn \count@ \lastpenalty \unpenalty 
                                                  \setbox \z@ \lastbox \ifvo...
l.12 \end{varwidth}
                   
Sorry...I usually can't take things from the current page.
Perhaps you can make the output routine do it.

! You can't use `\lastbox' in vertical mode.
<recently read> \lastbox 
                         
l.12 \end{varwidth}
                   
Sorry...I usually can't take things from the current page.
This \lastbox will therefore be void.

! You can't use `\unkern' in vertical mode.
\@vwid@sift ...skip \fi \dimen@ \lastkern \unkern 
                                                  \count@ \lastpenalty \unpe...
l.12 \end{varwidth}
                   
Sorry...I usually can't take things from the current page.
Try `I\kern-\lastkern' instead.

! You can't use `\unpenalty' in vertical mode.
\@vwid@sift ...rn \count@ \lastpenalty \unpenalty 
                                                  \setbox \z@ \lastbox \ifvo...
l.12 \end{varwidth}
                   
Sorry...I usually can't take things from the current page.
Perhaps you can make the output routine do it.

! You can't use `\lastbox' in vertical mode.
<recently read> \lastbox 
                         
l.12 \end{varwidth}
                   
Sorry...I usually can't take things from the current page.
This \lastbox will therefore be void.

! You can't use `\unkern' in vertical mode.
\@vwid@sift ...skip \fi \dimen@ \lastkern \unkern 
                                                  \count@ \lastpenalty \unpe...
l.12 \end{varwidth}
                   
Sorry...I usually can't take things from the current page.
Try `I\kern-\lastkern' instead.

! You can't use `\unpenalty' in vertical mode.
\@vwid@sift ...rn \count@ \lastpenalty \unpenalty 
                                                  \setbox \z@ \lastbox \ifvo...
l.12 \end{varwidth}
                   
Sorry...I usually can't take things from the current page.
Perhaps you can make the output routine do it.

! You can't use `\lastbox' in vertical mode.
<recently read> \lastbox 
                         
l.12 \end{varwidth}
                   
Sorry...I usually can't take things from the current page.
This \lastbox will therefore be void.

! You can't use `\unkern' in vertical mode.
\@vwid@sift ...skip \fi \dimen@ \lastkern \unkern 
                                                  \count@ \lastpenalty \unpe...
l.12 \end{varwidth}
                   
Sorry...I usually can't take things from the current page.
Try `I\kern-\lastkern' instead.

! You can't use `\unpenalty' in vertical mode.
\@vwid@sift ...rn \count@ \lastpenalty \unpenalty 
                                                  \setbox \z@ \lastbox \ifvo...
l.12 \end{varwidth}
                   
Sorry...I usually can't take things from the current page.
Perhaps you can make the output routine do it.

! You can't use `\lastbox' in vertical mode.
<recently read> \lastbox 
                         
l.12 \end{varwidth}
                   
Sorry...I usually can't take things from the current page.
This \lastbox will therefore be void.

! You can't use `\unkern' in vertical mode.
\@vwid@sift ...skip \fi \dimen@ \lastkern \unkern 
                                                  \count@ \lastpenalty \unpe...
l.12 \end{varwidth}
                   
Sorry...I usually can't take things from the current page.
Try `I\kern-\lastkern' instead.

! You can't use `\unpenalty' in vertical mode.
\@vwid@sift ...rn \count@ \lastpenalty \unpenalty 
                                                  \setbox \z@ \lastbox \ifvo...
l.12 \end{varwidth}
                   
Sorry...I usually can't take things from the current page.
Perhaps you can make the output routine do it.

! You can't use `\lastbox' in vertical mode.
<recently read> \lastbox 
                         
l.12 \end{varwidth}
                   
Sorry...I usually can't take things from the current page.
This \lastbox will therefore be void.

! You can't use `\unkern' in vertical mode.
\@vwid@sift ...skip \fi \dimen@ \lastkern \unkern 
                                                  \count@ \lastpenalty \unpe...
l.12 \end{varwidth}
                   
Sorry...I usually can't take things from the current page.
Try `I\kern-\lastkern' instead.

! You can't use `\unpenalty' in vertical mode.
\@vwid@sift ...rn \count@ \lastpenalty \unpenalty 
                                                  \setbox \z@ \lastbox \ifvo...
l.12 \end{varwidth}
                   
Sorry...I usually can't take things from the current page.
Perhaps you can make the output routine do it.

! You can't use `\lastbox' in vertical mode.
<recently read> \lastbox 
                         
l.12 \end{varwidth}
                   
Sorry...I usually can't take things from the current page.
This \lastbox will therefore be void.

! You can't use `\unkern' in vertical mode.
\@vwid@sift ...skip \fi \dimen@ \lastkern \unkern 
                                                  \count@ \lastpenalty \unpe...
l.12 \end{varwidth}
                   
Sorry...I usually can't take things from the current page.
Try `I\kern-\lastkern' instead.

! You can't use `\unpenalty' in vertical mode.
\@vwid@sift ...rn \count@ \lastpenalty \unpenalty 
                                                  \setbox \z@ \lastbox \ifvo...
l.12 \end{varwidth}
                   
Sorry...I usually can't take things from the current page.
Perhaps you can make the output routine do it.

! You can't use `\lastbox' in vertical mode.
<recently read> \lastbox 
                         
l.12 \end{varwidth}
                   
Sorry...I usually can't take things from the current page.
This \lastbox will therefore be void.

! You can't use `\unkern' in vertical mode.
\@vwid@sift ...skip \fi \dimen@ \lastkern \unkern 
                                                  \count@ \lastpenalty \unpe...
l.12 \end{varwidth}
                   
Sorry...I usually can't take things from the current page.
Try `I\kern-\lastkern' instead.

! You can't use `\unpenalty' in vertical mode.
\@vwid@sift ...rn \count@ \lastpenalty \unpenalty 
                                                  \setbox \z@ \lastbox \ifvo...
l.12 \end{varwidth}
                   
Sorry...I usually can't take things from the current page.
Perhaps you can make the output routine do it.

! You can't use `\lastbox' in vertical mode.
<recently read> \lastbox 
                         
l.12 \end{varwidth}
                   
Sorry...I usually can't take things from the current page.
This \lastbox will therefore be void.

! You can't use `\unkern' in vertical mode.
\@vwid@sift ...skip \fi \dimen@ \lastkern \unkern 
                                                  \count@ \lastpenalty \unpe...
l.12 \end{varwidth}
                   
Sorry...I usually can't take things from the current page.
Try `I\kern-\lastkern' instead.

! You can't use `\unpenalty' in vertical mode.
\@vwid@sift ...rn \count@ \lastpenalty \unpenalty 
                                                  \setbox \z@ \lastbox \ifvo...
l.12 \end{varwidth}
                   
Sorry...I usually can't take things from the current page.
Perhaps you can make the output routine do it.

! You can't use `\lastbox' in vertical mode.
<recently read> \lastbox 
                         
l.12 \end{varwidth}
                   
Sorry...I usually can't take things from the current page.
This \lastbox will therefore be void.

! You can't use `\unkern' in vertical mode.
\@vwid@sift ...skip \fi \dimen@ \lastkern \unkern 
                                                  \count@ \lastpenalty \unpe...
l.12 \end{varwidth}
                   
Sorry...I usually can't take things from the current page.
Try `I\kern-\lastkern' instead.

! You can't use `\unpenalty' in vertical mode.
\@vwid@sift ...rn \count@ \lastpenalty \unpenalty 
                                                  \setbox \z@ \lastbox \ifvo...
l.12 \end{varwidth}
                   
Sorry...I usually can't take things from the current page.
Perhaps you can make the output routine do it.

! You can't use `\lastbox' in vertical mode.
<recently read> \lastbox 
                         
l.12 \end{varwidth}
                   
Sorry...I usually can't take things from the current page.
This \lastbox will therefore be void.

! You can't use `\unkern' in vertical mode.
\@vwid@sift ...skip \fi \dimen@ \lastkern \unkern 
                                                  \count@ \lastpenalty \unpe...
l.12 \end{varwidth}
                   
Sorry...I usually can't take things from the current page.
Try `I\kern-\lastkern' instead.

! You can't use `\unpenalty' in vertical mode.
\@vwid@sift ...rn \count@ \lastpenalty \unpenalty 
                                                  \setbox \z@ \lastbox \ifvo...
l.12 \end{varwidth}
                   
Sorry...I usually can't take things from the current page.
Perhaps you can make the output routine do it.

! You can't use `\lastbox' in vertical mode.
<recently read> \lastbox 
                         
l.12 \end{varwidth}
                   
Sorry...I usually can't take things from the current page.
This \lastbox will therefore be void.

! You can't use `\unkern' in vertical mode.
\@vwid@sift ...skip \fi \dimen@ \lastkern \unkern 
                                                  \count@ \lastpenalty \unpe...
l.12 \end{varwidth}
                   
Sorry...I usually can't take things from the current page.
Try `I\kern-\lastkern' instead.

! You can't use `\unpenalty' in vertical mode.
\@vwid@sift ...rn \count@ \lastpenalty \unpenalty 
                                                  \setbox \z@ \lastbox \ifvo...
l.12 \end{varwidth}
                   
Sorry...I usually can't take things from the current page.
Perhaps you can make the output routine do it.

! You can't use `\lastbox' in vertical mode.
<recently read> \lastbox 
                         
l.12 \end{varwidth}
                   
Sorry...I usually can't take things from the current page.
This \lastbox will therefore be void.

! You can't use `\unkern' in vertical mode.
\@vwid@sift ...skip \fi \dimen@ \lastkern \unkern 
                                                  \count@ \lastpenalty \unpe...
l.12 \end{varwidth}
                   
Sorry...I usually can't take things from the current page.
Try `I\kern-\lastkern' instead.

! You can't use `\unpenalty' in vertical mode.
\@vwid@sift ...rn \count@ \lastpenalty \unpenalty 
                                                  \setbox \z@ \lastbox \ifvo...
l.12 \end{varwidth}
                   
Sorry...I usually can't take things from the current page.
Perhaps you can make the output routine do it.

! You can't use `\lastbox' in vertical mode.
<recently read> \lastbox 
                         
l.12 \end{varwidth}
                   
Sorry...I usually can't take things from the current page.
This \lastbox will therefore be void.

! You can't use `\unkern' in vertical mode.
\@vwid@sift ...skip \fi \dimen@ \lastkern \unkern 
                                                  \count@ \lastpenalty \unpe...
l.12 \end{varwidth}
                   
Sorry...I usually can't take things from the current page.
Try `I\kern-\lastkern' instead.

! You can't use `\unpenalty' in vertical mode.
\@vwid@sift ...rn \count@ \lastpenalty \unpenalty 
                                                  \setbox \z@ \lastbox \ifvo...
l.12 \end{varwidth}
                   
Sorry...I usually can't take things from the current page.
Perhaps you can make the output routine do it.

! You can't use `\lastbox' in vertical mode.
<recently read> \lastbox 
                         
l.12 \end{varwidth}
                   
Sorry...I usually can't take things from the current page.
This \lastbox will therefore be void.

! You can't use `\unkern' in vertical mode.
\@vwid@sift ...skip \fi \dimen@ \lastkern \unkern 
                                                  \count@ \lastpenalty \unpe...
l.12 \end{varwidth}
                   
Sorry...I usually can't take things from the current page.
Try `I\kern-\lastkern' instead.

! You can't use `\unpenalty' in vertical mode.
\@vwid@sift ...rn \count@ \lastpenalty \unpenalty 
                                                  \setbox \z@ \lastbox \ifvo...
l.12 \end{varwidth}
                   
Sorry...I usually can't take things from the current page.
Perhaps you can make the output routine do it.

! You can't use `\lastbox' in vertical mode.
<recently read> \lastbox 
                         
l.12 \end{varwidth}
                   
Sorry...I usually can't take things from the current page.
This \lastbox will therefore be void.

! You can't use `\unkern' in vertical mode.
\@vwid@sift ...skip \fi \dimen@ \lastkern \unkern 
                                                  \count@ \lastpenalty \unpe...
l.12 \end{varwidth}
                   
Sorry...I usually can't take things from the current page.
Try `I\kern-\lastkern' instead.

! You can't use `\unpenalty' in vertical mode.
\@vwid@sift ...rn \count@ \lastpenalty \unpenalty 
                                                  \setbox \z@ \lastbox \ifvo...
l.12 \end{varwidth}
                   
Sorry...I usually can't take things from the current page.
Perhaps you can make the output routine do it.

! You can't use `\lastbox' in vertical mode.
<recently read> \lastbox 
                         
l.12 \end{varwidth}
                   
Sorry...I usually can't take things from the current page.
This \lastbox will therefore be void.

! You can't use `\unkern' in vertical mode.
\@vwid@sift ...skip \fi \dimen@ \lastkern \unkern 
                                                  \count@ \lastpenalty \unpe...
l.12 \end{varwidth}
                   
Sorry...I usually can't take things from the current page.
Try `I\kern-\lastkern' instead.

! You can't use `\unpenalty' in vertical mode.
\@vwid@sift ...rn \count@ \lastpenalty \unpenalty 
                                                  \setbox \z@ \lastbox \ifvo...
l.12 \end{varwidth}
                   
Sorry...I usually can't take things from the current page.
Perhaps you can make the output routine do it.

! You can't use `\lastbox' in vertical mode.
<recently read> \lastbox 
                         
l.12 \end{varwidth}
                   
Sorry...I usually can't take things from the current page.
This \lastbox will therefore be void.

! You can't use `\unkern' in vertical mode.
\@vwid@sift ...skip \fi \dimen@ \lastkern \unkern 
                                                  \count@ \lastpenalty \unpe...
l.12 \end{varwidth}
                   
Sorry...I usually can't take things from the current page.
Try `I\kern-\lastkern' instead.

! You can't use `\unpenalty' in vertical mode.
\@vwid@sift ...rn \count@ \lastpenalty \unpenalty 
                                                  \setbox \z@ \lastbox \ifvo...
l.12 \end{varwidth}
                   
Sorry...I usually can't take things from the current page.
Perhaps you can make the output routine do it.

! You can't use `\lastbox' in vertical mode.
<recently read> \lastbox 
                         
l.12 \end{varwidth}
                   
Sorry...I usually can't take things from the current page.
This \lastbox will therefore be void.

! You can't use `\unkern' in vertical mode.
\@vwid@sift ...skip \fi \dimen@ \lastkern \unkern 
                                                  \count@ \lastpenalty \unpe...
l.12 \end{varwidth}
                   
Sorry...I usually can't take things from the current page.
Try `I\kern-\lastkern' instead.

! You can't use `\unpenalty' in vertical mode.
\@vwid@sift ...rn \count@ \lastpenalty \unpenalty 
                                                  \setbox \z@ \lastbox \ifvo...
l.12 \end{varwidth}
                   
Sorry...I usually can't take things from the current page.
Perhaps you can make the output routine do it.

! You can't use `\lastbox' in vertical mode.
<recently read> \lastbox 
                         
l.12 \end{varwidth}
                   
Sorry...I usually can't take things from the current page.
This \lastbox will therefore be void.

! You can't use `\unkern' in vertical mode.
\@vwid@sift ...skip \fi \dimen@ \lastkern \unkern 
                                                  \count@ \lastpenalty \unpe...
l.12 \end{varwidth}
                   
Sorry...I usually can't take things from the current page.
Try `I\kern-\lastkern' instead.

! You can't use `\unpenalty' in vertical mode.
\@vwid@sift ...rn \count@ \lastpenalty \unpenalty 
                                                  \setbox \z@ \lastbox \ifvo...
l.12 \end{varwidth}
                   
Sorry...I usually can't take things from the current page.
Perhaps you can make the output routine do it.

! You can't use `\lastbox' in vertical mode.
<recently read> \lastbox 
                         
l.12 \end{varwidth}
                   
Sorry...I usually can't take things from the current page.
This \lastbox will therefore be void.

! You can't use `\unkern' in vertical mode.
\@vwid@sift ...skip \fi \dimen@ \lastkern \unkern 
                                                  \count@ \lastpenalty \unpe...
l.12 \end{varwidth}
                   
Sorry...I usually can't take things from the current page.
Try `I\kern-\lastkern' instead.

! You can't use `\unpenalty' in vertical mode.
\@vwid@sift ...rn \count@ \lastpenalty \unpenalty 
                                                  \setbox \z@ \lastbox \ifvo...
l.12 \end{varwidth}
                   
Sorry...I usually can't take things from the current page.
Perhaps you can make the output routine do it.

! You can't use `\lastbox' in vertical mode.
<recently read> \lastbox 
                         
l.12 \end{varwidth}
                   
Sorry...I usually can't take things from the current page.
This \lastbox will therefore be void.

! You can't use `\unkern' in vertical mode.
\@vwid@sift ...skip \fi \dimen@ \lastkern \unkern 
                                                  \count@ \lastpenalty \unpe...
l.12 \end{varwidth}
                   
Sorry...I usually can't take things from the current page.
Try `I\kern-\lastkern' instead.

! You can't use `\unpenalty' in vertical mode.
\@vwid@sift ...rn \count@ \lastpenalty \unpenalty 
                                                  \setbox \z@ \lastbox \ifvo...
l.12 \end{varwidth}
                   
Sorry...I usually can't take things from the current page.
Perhaps you can make the output routine do it.

! You can't use `\lastbox' in vertical mode.
<recently read> \lastbox 
                         
l.12 \end{varwidth}
                   
Sorry...I usually can't take things from the current page.
This \lastbox will therefore be void.

! You can't use `\unkern' in vertical mode.
\@vwid@sift ...skip \fi \dimen@ \lastkern \unkern 
                                                  \count@ \lastpenalty \unpe...
l.12 \end{varwidth}
                   
Sorry...I usually can't take things from the current page.
Try `I\kern-\lastkern' instead.

! You can't use `\unpenalty' in vertical mode.
\@vwid@sift ...rn \count@ \lastpenalty \unpenalty 
                                                  \setbox \z@ \lastbox \ifvo...
l.12 \end{varwidth}
                   
Sorry...I usually can't take things from the current page.
Perhaps you can make the output routine do it.

! You can't use `\lastbox' in vertical mode.
<recently read> \lastbox 
                         
l.12 \end{varwidth}
                   
Sorry...I usually can't take things from the current page.
This \lastbox will therefore be void.

! You can't use `\unkern' in vertical mode.
\@vwid@sift ...skip \fi \dimen@ \lastkern \unkern 
                                                  \count@ \lastpenalty \unpe...
l.12 \end{varwidth}
                   
Sorry...I usually can't take things from the current page.
Try `I\kern-\lastkern' instead.

! You can't use `\unpenalty' in vertical mode.
\@vwid@sift ...rn \count@ \lastpenalty \unpenalty 
                                                  \setbox \z@ \lastbox \ifvo...
l.12 \end{varwidth}
                   
Sorry...I usually can't take things from the current page.
Perhaps you can make the output routine do it.

! You can't use `\lastbox' in vertical mode.
<recently read> \lastbox 
                         
l.12 \end{varwidth}
                   
Sorry...I usually can't take things from the current page.
This \lastbox will therefore be void.

! You can't use `\unkern' in vertical mode.
\@vwid@sift ...skip \fi \dimen@ \lastkern \unkern 
                                                  \count@ \lastpenalty \unpe...
l.12 \end{varwidth}
                   
Sorry...I usually can't take things from the current page.
Try `I\kern-\lastkern' instead.

! You can't use `\unpenalty' in vertical mode.
\@vwid@sift ...rn \count@ \lastpenalty \unpenalty 
                                                  \setbox \z@ \lastbox \ifvo...
l.12 \end{varwidth}
                   
Sorry...I usually can't take things from the current page.
Perhaps you can make the output routine do it.

! You can't use `\lastbox' in vertical mode.
<recently read> \lastbox 
                         
l.12 \end{varwidth}
                   
Sorry...I usually can't take things from the current page.
This \lastbox will therefore be void.

! You can't use `\unkern' in vertical mode.
\@vwid@sift ...skip \fi \dimen@ \lastkern \unkern 
                                                  \count@ \lastpenalty \unpe...
l.12 \end{varwidth}
                   
Sorry...I usually can't take things from the current page.
Try `I\kern-\lastkern' instead.

! You can't use `\unpenalty' in vertical mode.
\@vwid@sift ...rn \count@ \lastpenalty \unpenalty 
                                                  \setbox \z@ \lastbox \ifvo...
l.12 \end{varwidth}
                   
Sorry...I usually can't take things from the current page.
Perhaps you can make the output routine do it.

! You can't use `\lastbox' in vertical mode.
<recently read> \lastbox 
                         
l.12 \end{varwidth}
                   
Sorry...I usually can't take things from the current page.
This \lastbox will therefore be void.

! You can't use `\unkern' in vertical mode.
\@vwid@sift ...skip \fi \dimen@ \lastkern \unkern 
                                                  \count@ \lastpenalty \unpe...
l.12 \end{varwidth}
                   
Sorry...I usually can't take things from the current page.
Try `I\kern-\lastkern' instead.

! You can't use `\unpenalty' in vertical mode.
\@vwid@sift ...rn \count@ \lastpenalty \unpenalty 
                                                  \setbox \z@ \lastbox \ifvo...
l.12 \end{varwidth}
                   
Sorry...I usually can't take things from the current page.
Perhaps you can make the output routine do it.

! You can't use `\lastbox' in vertical mode.
<recently read> \lastbox 
                         
l.12 \end{varwidth}
                   
Sorry...I usually can't take things from the current page.
This \lastbox will therefore be void.

! You can't use `\unkern' in vertical mode.
\@vwid@sift ...skip \fi \dimen@ \lastkern \unkern 
                                                  \count@ \lastpenalty \unpe...
l.12 \end{varwidth}
                   
Sorry...I usually can't take things from the current page.
Try `I\kern-\lastkern' instead.

! You can't use `\unpenalty' in vertical mode.
\@vwid@sift ...rn \count@ \lastpenalty \unpenalty 
                                                  \setbox \z@ \lastbox \ifvo...
l.12 \end{varwidth}
                   
Sorry...I usually can't take things from the current page.
Perhaps you can make the output routine do it.

! You can't use `\lastbox' in vertical mode.
<recently read> \lastbox 
                         
l.12 \end{varwidth}
                   
Sorry...I usually can't take things from the current page.
This \lastbox will therefore be void.

! You can't use `\unkern' in vertical mode.
\@vwid@sift ...skip \fi \dimen@ \lastkern \unkern 
                                                  \count@ \lastpenalty \unpe...
l.12 \end{varwidth}
                   
Sorry...I usually can't take things from the current page.
Try `I\kern-\lastkern' instead.

! You can't use `\unpenalty' in vertical mode.
\@vwid@sift ...rn \count@ \lastpenalty \unpenalty 
                                                  \setbox \z@ \lastbox \ifvo...
l.12 \end{varwidth}
                   
Sorry...I usually can't take things from the current page.
Perhaps you can make the output routine do it.

! You can't use `\lastbox' in vertical mode.
<recently read> \lastbox 
                         
l.12 \end{varwidth}
                   
(That makes 100 errors; please try again.) 
Here is how much of TeX's memory you used:
 4326 strings out of 467871
 69009 string characters out of 5418376
 472354 words of memory out of 5000000
 33170 multiletter control sequences out of 15000+600000
 631527 words of font info for 55 fonts, out of 8000000 for 9000
 1141 hyphenation exceptions out of 8191
 59i,7n,71p,345b,266s stack positions out of 10000i,1000n,20000p,200000b,200000s

!  ==> Fatal error occurred, no output PDF file produced!
